Last login: Wed Jan 22 01:41:56 on ttys000
hoshikawa:~ hoshikawayuuki$ /Users/hoshikawayuuki/Documents/udemy_code/git_tutorial 
-bash: /Users/hoshikawayuuki/Documents/udemy_code/git_tutorial: is a directory
hoshikawa:~ hoshikawayuuki$ cd /Users/hoshikawayuuki/Documents/udemy_code/git_tutorial 
hoshikawa:git_tutorial hoshikawayuuki$ git commit -m "git commandを追加"
[master (root-commit) 8d999e3] git commandを追加
 1 file changed, 2 insertions(+)
 create mode 100644 index.html
hoshikawa:git_tutorial hoshikawayuuki$ git status
On branch master
Untracked files:
  (use "git add <file>..." to include in what will be committed)
	COMMIT_EDITING

nothing added to commit but untracked files present (use "git add" to track)
hoshikawa:git_tutorial hoshikawayuuki$ git add .
hoshikawa:git_tutorial hoshikawayuuki$ git commit -m "second commit"
[master 29e3b0a] second commit
 1 file changed, 73 insertions(+)
 create mode 100644 COMMIT_EDITING
hoshikawa:git_tutorial hoshikawayuuki$ git status
On branch master
nothing to commit, working tree clean
hoshikawa:git_tutorial hoshikawayuuki$ git diff
hoshikawa:git_tutorial hoshikawayuuki$ git diff
diff --git a/index.html b/index.html
index 5973022..1dd80a3 100644
--- a/index.html
+++ b/index.html
@@ -1,2 +1,3 @@
 <h1>gitチュートリアル</h1>
-<h2>git status</h2>
\ No newline at end of file
+<h2>git status</h2>
+<p>git diff</p>
\ No newline at end of file
hoshikawa:git_tutorial hoshikawayuuki$ git add index.html
hoshikawa:git_tutorial hoshikawayuuki$ git diff
hoshikawa:git_tutorial hoshikawayuuki$ git diff --staged
diff --git a/index.html b/index.html
index 5973022..1dd80a3 100644
--- a/index.html
+++ b/index.html
@@ -1,2 +1,3 @@
 <h1>gitチュートリアル</h1>
-<h2>git status</h2>
\ No newline at end of file
+<h2>git status</h2>
+<p>git diff</p>
\ No newline at end of file
hoshikawa:git_tutorial hoshikawayuuki$ git commit
hint: Waiting for your editor to close the file... 
git diffを追記
# Please enter the commit message for your changes. Lines starting
# with '#' will be ignored, and an empty message aborts the commit.
#        
# On branch master
# Changes to be committed:
#       modified:   index.html
#            
~                                                                               
~                                                                               
~                                                                               
~                                                                               
~                                                                               
~                                                                               
~                                                                               
~                                                                               
~                                                                               
~                                                                               
~                                                                               
~                                                                               
~                                                                               
~                                                                               
~                                                                               

